python : Traceback (most 
recent call last):
At line:1 char:1
+ python test_commander_cons
traints.py > 
test_output.txt 2>&1; cat 
test ...
+ ~~~~~~~~~~~~~~~~~~~~~~~~~~
~~~~~~~~~~~~~~~~~~~~~~~~~~~~
~~~~~
    + CategoryInfo          
    : NotSpecified: (Trace  
  back (most recent call    
 last)::String) [], Remo    
teException
    + FullyQualifiedErrorId 
    : NativeCommandError
 
  File "C:\Users\USER\Deskto
p\ravit\Mishmarot.react\back
end\app\utils\setup.py", 
line 227, in setup_database
    print("\u2705 Database 
setup completed 
successfully.")
  File "C:\Python312\Lib\enc
odings\cp1255.py", line 19, 
in encode
    return codecs.charmap_en
code(input,self.errors,encod
ing_table)[0]
           ^^^^^^^^^^^^^^^^^
^^^^^^^^^^^^^^^^^^^^^^^^^^^^
^^^^^^^^^^
UnicodeEncodeError: 
'charmap' codec can't 
encode character '\u2705' 
in position 0: character 
maps to <undefined>

During handling of the 
above exception, another 
exception occurred:

Traceback (most recent call 
last):
  File "C:\Users\USER\Deskto
p\ravit\Mishmarot.react\back
end\app\__init__.py", line 
62, in create_app
    setup_database()
  File "C:\Users\USER\Deskto
p\ravit\Mishmarot.react\back
end\app\utils\setup.py", 
line 230, in setup_database
    print(f"\u274c Database 
setup failed: {e}")
  File "C:\Python312\Lib\enc
odings\cp1255.py", line 19, 
in encode
    return codecs.charmap_en
code(input,self.errors,encod
ing_table)[0]
           ^^^^^^^^^^^^^^^^^
^^^^^^^^^^^^^^^^^^^^^^^^^^^^
^^^^^^^^^^
UnicodeEncodeError: 
'charmap' codec can't 
encode character '\u274c' 
in position 0: character 
maps to <undefined>

During handling of the 
above exception, another 
exception occurred:

Traceback (most recent call 
last):
  File "C:\Users\USER\Deskto
p\ravit\Mishmarot.react\back
end\test_commander_constrain
ts.py", line 88, in <module>
    check_commander_constrai
nts()
  File "C:\Users\USER\Deskto
p\ravit\Mishmarot.react\back
end\test_commander_constrain
ts.py", line 8, in 
check_commander_constraints
    conn = 
get_db_connection()
           
^^^^^^^^^^^^^^^^^^^
  File "C:\Users\USER\Deskto
p\ravit\Mishmarot.react\back
end\app\utils\db.py", line 
11, in get_db_connection
    from run import app
  File "C:\Users\USER\Deskto
p\ravit\Mishmarot.react\back
end\run.py", line 3, in 
<module>
    app = create_app()
          ^^^^^^^^^^^^
  File "C:\Users\USER\Deskto
p\ravit\Mishmarot.react\back
end\app\__init__.py", line 
64, in create_app
    print(f"\u26a0\ufe0f 
Database setup warning: 
{e}")
  File "C:\Python312\Lib\enc
odings\cp1255.py", line 19, 
in encode
    return codecs.charmap_en
code(input,self.errors,encod
ing_table)[0]
           ^^^^^^^^^^^^^^^^^
^^^^^^^^^^^^^^^^^^^^^^^^^^^^
^^^^^^^^^^
UnicodeEncodeError: 
'charmap' codec can't 
encode characters in 
position 0-1: character 
maps to <undefined>
